ARM GAS  C:\Users\duver\AppData\Local\Temp\ccwL8ER2.s 			page 1


   1              		.syntax unified
   2              		.cpu cortex-m3
   3              		.fpu softvfp
   4              		.eabi_attribute 20, 1
   5              		.eabi_attribute 21, 1
   6              		.eabi_attribute 23, 3
   7              		.eabi_attribute 24, 1
   8              		.eabi_attribute 25, 1
   9              		.eabi_attribute 26, 1
  10              		.eabi_attribute 30, 1
  11              		.eabi_attribute 34, 1
  12              		.eabi_attribute 18, 4
  13              		.thumb
  14              		.syntax unified
  15              		.file	"SW_Tx_UART_1.c"
  16              		.text
  17              	.Ltext0:
  18              		.cfi_sections	.debug_frame
  19              		.section	.text.SW_Tx_UART_1_Start,"ax",%progbits
  20              		.align	2
  21              		.global	SW_Tx_UART_1_Start
  22              		.thumb
  23              		.thumb_func
  24              		.type	SW_Tx_UART_1_Start, %function
  25              	SW_Tx_UART_1_Start:
  26              	.LFB0:
  27              		.file 1 "Generated_Source\\PSoC5\\SW_Tx_UART_1.c"
   1:Generated_Source\PSoC5/SW_Tx_UART_1.c **** /*******************************************************************************
   2:Generated_Source\PSoC5/SW_Tx_UART_1.c **** * File Name: SW_Tx_UART_1.c
   3:Generated_Source\PSoC5/SW_Tx_UART_1.c **** * Version 1.50
   4:Generated_Source\PSoC5/SW_Tx_UART_1.c **** *
   5:Generated_Source\PSoC5/SW_Tx_UART_1.c **** * Description:
   6:Generated_Source\PSoC5/SW_Tx_UART_1.c **** *  This file provides the source code to the API for the Software Transmit UART.
   7:Generated_Source\PSoC5/SW_Tx_UART_1.c **** *
   8:Generated_Source\PSoC5/SW_Tx_UART_1.c **** ********************************************************************************
   9:Generated_Source\PSoC5/SW_Tx_UART_1.c **** * Copyright 2013-2015, Cypress Semiconductor Corporation.  All rights reserved.
  10:Generated_Source\PSoC5/SW_Tx_UART_1.c **** * You may use this file only in accordance with the license, terms, conditions,
  11:Generated_Source\PSoC5/SW_Tx_UART_1.c **** * disclaimers, and limitations in the end user license agreement accompanying
  12:Generated_Source\PSoC5/SW_Tx_UART_1.c **** * the software package with which this file was provided.
  13:Generated_Source\PSoC5/SW_Tx_UART_1.c **** *******************************************************************************/
  14:Generated_Source\PSoC5/SW_Tx_UART_1.c **** 
  15:Generated_Source\PSoC5/SW_Tx_UART_1.c **** #include "SW_Tx_UART_1_PVT.h"
  16:Generated_Source\PSoC5/SW_Tx_UART_1.c **** 
  17:Generated_Source\PSoC5/SW_Tx_UART_1.c **** #if(SW_Tx_UART_1_PIN_STATIC_MODE == 1u)
  18:Generated_Source\PSoC5/SW_Tx_UART_1.c ****     uint32 SW_Tx_UART_1_pinNumber = SW_Tx_UART_1_PIN_NUMBER;
  19:Generated_Source\PSoC5/SW_Tx_UART_1.c ****     uint32 SW_Tx_UART_1_pinPortNumber = SW_Tx_UART_1_PIN_PORT_NUMBER;
  20:Generated_Source\PSoC5/SW_Tx_UART_1.c ****     #if(CY_PSOC3)
  21:Generated_Source\PSoC5/SW_Tx_UART_1.c ****         uint32 pdata SW_Tx_UART_1_pinDrAdress = SW_Tx_UART_1_PIN_DR;
  22:Generated_Source\PSoC5/SW_Tx_UART_1.c ****     #else
  23:Generated_Source\PSoC5/SW_Tx_UART_1.c ****         uint32 SW_Tx_UART_1_pinDrAdress = SW_Tx_UART_1_PIN_DR;
  24:Generated_Source\PSoC5/SW_Tx_UART_1.c ****     #endif /* (CY_PSOC3) */
  25:Generated_Source\PSoC5/SW_Tx_UART_1.c **** #else
  26:Generated_Source\PSoC5/SW_Tx_UART_1.c ****     uint32 SW_Tx_UART_1_pinNumber;
  27:Generated_Source\PSoC5/SW_Tx_UART_1.c ****     uint32 SW_Tx_UART_1_pinPortNumber;
  28:Generated_Source\PSoC5/SW_Tx_UART_1.c ****     #if(CY_PSOC3)
  29:Generated_Source\PSoC5/SW_Tx_UART_1.c ****         uint32 pdata SW_Tx_UART_1_pinDrAdress;
  30:Generated_Source\PSoC5/SW_Tx_UART_1.c ****     #else
ARM GAS  C:\Users\duver\AppData\Local\Temp\ccwL8ER2.s 			page 2


  31:Generated_Source\PSoC5/SW_Tx_UART_1.c ****         uint32 SW_Tx_UART_1_pinDrAdress;
  32:Generated_Source\PSoC5/SW_Tx_UART_1.c ****     #endif /* (CY_PSOC3) */
  33:Generated_Source\PSoC5/SW_Tx_UART_1.c **** #endif /* (SW_Tx_UART_1_PIN_STATIC_MODE == 1u) */
  34:Generated_Source\PSoC5/SW_Tx_UART_1.c **** 
  35:Generated_Source\PSoC5/SW_Tx_UART_1.c **** 
  36:Generated_Source\PSoC5/SW_Tx_UART_1.c **** #if(SW_Tx_UART_1_PIN_STATIC_MODE == 1u)
  37:Generated_Source\PSoC5/SW_Tx_UART_1.c ****     /*******************************************************************************
  38:Generated_Source\PSoC5/SW_Tx_UART_1.c ****     * Function Name: SW_Tx_UART_1_Start
  39:Generated_Source\PSoC5/SW_Tx_UART_1.c ****     ********************************************************************************
  40:Generated_Source\PSoC5/SW_Tx_UART_1.c ****     *
  41:Generated_Source\PSoC5/SW_Tx_UART_1.c ****     * Summary:
  42:Generated_Source\PSoC5/SW_Tx_UART_1.c ****     *  Empty function. Included for consistency with other
  43:Generated_Source\PSoC5/SW_Tx_UART_1.c ****     *  components. This API is not available when PinAssignmentMethod
  44:Generated_Source\PSoC5/SW_Tx_UART_1.c ****     *  is set to Dynamic.
  45:Generated_Source\PSoC5/SW_Tx_UART_1.c ****     *
  46:Generated_Source\PSoC5/SW_Tx_UART_1.c ****     * Parameters:
  47:Generated_Source\PSoC5/SW_Tx_UART_1.c ****     *  None
  48:Generated_Source\PSoC5/SW_Tx_UART_1.c ****     *
  49:Generated_Source\PSoC5/SW_Tx_UART_1.c ****     * Return:
  50:Generated_Source\PSoC5/SW_Tx_UART_1.c ****     *  None
  51:Generated_Source\PSoC5/SW_Tx_UART_1.c ****     *
  52:Generated_Source\PSoC5/SW_Tx_UART_1.c ****     *******************************************************************************/
  53:Generated_Source\PSoC5/SW_Tx_UART_1.c ****     void SW_Tx_UART_1_Start(void) 
  54:Generated_Source\PSoC5/SW_Tx_UART_1.c ****     {
  28              		.loc 1 54 0
  29              		.cfi_startproc
  30              		@ args = 0, pretend = 0, frame = 0
  31              		@ frame_needed = 0, uses_anonymous_args = 0
  32              		@ link register save eliminated.
  33 0000 7047     		bx	lr
  34              		.cfi_endproc
  35              	.LFE0:
  36              		.size	SW_Tx_UART_1_Start, .-SW_Tx_UART_1_Start
  37 0002 00BF     		.section	.text.SW_Tx_UART_1_Stop,"ax",%progbits
  38              		.align	2
  39              		.global	SW_Tx_UART_1_Stop
  40              		.thumb
  41              		.thumb_func
  42              		.type	SW_Tx_UART_1_Stop, %function
  43              	SW_Tx_UART_1_Stop:
  44              	.LFB1:
  55:Generated_Source\PSoC5/SW_Tx_UART_1.c **** 
  56:Generated_Source\PSoC5/SW_Tx_UART_1.c ****     }
  57:Generated_Source\PSoC5/SW_Tx_UART_1.c **** #else
  58:Generated_Source\PSoC5/SW_Tx_UART_1.c ****     /*******************************************************************************
  59:Generated_Source\PSoC5/SW_Tx_UART_1.c ****     * Function Name: SW_Tx_UART_1_StartEx
  60:Generated_Source\PSoC5/SW_Tx_UART_1.c ****     ********************************************************************************
  61:Generated_Source\PSoC5/SW_Tx_UART_1.c ****     *
  62:Generated_Source\PSoC5/SW_Tx_UART_1.c ****     * Summary:
  63:Generated_Source\PSoC5/SW_Tx_UART_1.c ****     *  Configures the SW Tx UART to use the pin specified
  64:Generated_Source\PSoC5/SW_Tx_UART_1.c ****     *  by the parameters. This API is only available when
  65:Generated_Source\PSoC5/SW_Tx_UART_1.c ****     *  PinAssignmentMethod is set to Dynamic.
  66:Generated_Source\PSoC5/SW_Tx_UART_1.c ****     *
  67:Generated_Source\PSoC5/SW_Tx_UART_1.c ****     * Parameters:
  68:Generated_Source\PSoC5/SW_Tx_UART_1.c ****     *  port:  Port number for dynamic pin assignment
  69:Generated_Source\PSoC5/SW_Tx_UART_1.c ****     *  pin:   Pin number for dynamic pin assignment
  70:Generated_Source\PSoC5/SW_Tx_UART_1.c ****     *
ARM GAS  C:\Users\duver\AppData\Local\Temp\ccwL8ER2.s 			page 3


  71:Generated_Source\PSoC5/SW_Tx_UART_1.c ****     * Return:
  72:Generated_Source\PSoC5/SW_Tx_UART_1.c ****     *  None
  73:Generated_Source\PSoC5/SW_Tx_UART_1.c ****     *
  74:Generated_Source\PSoC5/SW_Tx_UART_1.c ****     *******************************************************************************/
  75:Generated_Source\PSoC5/SW_Tx_UART_1.c ****     void SW_Tx_UART_1_StartEx(uint8 port, uint8 pin) 
  76:Generated_Source\PSoC5/SW_Tx_UART_1.c ****     {
  77:Generated_Source\PSoC5/SW_Tx_UART_1.c ****         uint32 portConfigAddr;
  78:Generated_Source\PSoC5/SW_Tx_UART_1.c **** 
  79:Generated_Source\PSoC5/SW_Tx_UART_1.c ****         #if (CY_PSOC4)
  80:Generated_Source\PSoC5/SW_Tx_UART_1.c ****             uint32 portDataRegAddr;
  81:Generated_Source\PSoC5/SW_Tx_UART_1.c ****         #endif /* (CY_PSOC4) */
  82:Generated_Source\PSoC5/SW_Tx_UART_1.c **** 
  83:Generated_Source\PSoC5/SW_Tx_UART_1.c ****         if ((pin <= SW_Tx_UART_1_MAX_PIN_NUMBER) && (port <= SW_Tx_UART_1_MAX_PORT_NUMBER))
  84:Generated_Source\PSoC5/SW_Tx_UART_1.c ****         {
  85:Generated_Source\PSoC5/SW_Tx_UART_1.c ****             #if (!CY_PSOC4)
  86:Generated_Source\PSoC5/SW_Tx_UART_1.c ****                 portConfigAddr = SW_Tx_UART_1_PORT_CNF_BASE;
  87:Generated_Source\PSoC5/SW_Tx_UART_1.c ****                 portConfigAddr += ((uint32)port * (SW_Tx_UART_1_MAX_PIN_NUMBER + 1u)) + pin;
  88:Generated_Source\PSoC5/SW_Tx_UART_1.c ****                 CyPins_SetPinDriveMode(portConfigAddr, CY_PINS_DM_STRONG);
  89:Generated_Source\PSoC5/SW_Tx_UART_1.c ****                 CyPins_SetPin(portConfigAddr);
  90:Generated_Source\PSoC5/SW_Tx_UART_1.c ****                 SW_Tx_UART_1_pinDrAdress = portConfigAddr;
  91:Generated_Source\PSoC5/SW_Tx_UART_1.c ****             #else
  92:Generated_Source\PSoC5/SW_Tx_UART_1.c ****                 portConfigAddr = SW_Tx_UART_1_PORT_CNF_BASE + (SW_Tx_UART_1_PORT_CNF_SIZE * port) +
  93:Generated_Source\PSoC5/SW_Tx_UART_1.c ****                                                                                 SW_Tx_UART_1_PORT_C
  94:Generated_Source\PSoC5/SW_Tx_UART_1.c ****                 CY_SYS_PINS_SET_DRIVE_MODE(portConfigAddr, pin, CY_SYS_PINS_DM_STRONG);
  95:Generated_Source\PSoC5/SW_Tx_UART_1.c ****                 portDataRegAddr = SW_Tx_UART_1_PORT_CNF_BASE + (SW_Tx_UART_1_PORT_CNF_SIZE * port) 
  96:Generated_Source\PSoC5/SW_Tx_UART_1.c ****                                                                                 SW_Tx_UART_1_PORT_C
  97:Generated_Source\PSoC5/SW_Tx_UART_1.c ****                 CY_SYS_PINS_SET_PIN(portDataRegAddr, pin);
  98:Generated_Source\PSoC5/SW_Tx_UART_1.c ****                 SW_Tx_UART_1_pinDrAdress = portDataRegAddr;
  99:Generated_Source\PSoC5/SW_Tx_UART_1.c ****             #endif /* (!CY_PSOC4) */
 100:Generated_Source\PSoC5/SW_Tx_UART_1.c ****             SW_Tx_UART_1_pinNumber = pin;
 101:Generated_Source\PSoC5/SW_Tx_UART_1.c ****             SW_Tx_UART_1_pinPortNumber = port;
 102:Generated_Source\PSoC5/SW_Tx_UART_1.c ****         }
 103:Generated_Source\PSoC5/SW_Tx_UART_1.c ****     }
 104:Generated_Source\PSoC5/SW_Tx_UART_1.c **** #endif /* (SW_Tx_UART_1_PIN_STATIC_MODE == 1u) */
 105:Generated_Source\PSoC5/SW_Tx_UART_1.c **** 
 106:Generated_Source\PSoC5/SW_Tx_UART_1.c **** 
 107:Generated_Source\PSoC5/SW_Tx_UART_1.c **** /*******************************************************************************
 108:Generated_Source\PSoC5/SW_Tx_UART_1.c **** * Function Name: SW_Tx_UART_1_Stop
 109:Generated_Source\PSoC5/SW_Tx_UART_1.c **** ********************************************************************************
 110:Generated_Source\PSoC5/SW_Tx_UART_1.c **** *
 111:Generated_Source\PSoC5/SW_Tx_UART_1.c **** * Summary:
 112:Generated_Source\PSoC5/SW_Tx_UART_1.c **** *  Empty function. Included for consistency with other components.
 113:Generated_Source\PSoC5/SW_Tx_UART_1.c **** *
 114:Generated_Source\PSoC5/SW_Tx_UART_1.c **** * Parameters:
 115:Generated_Source\PSoC5/SW_Tx_UART_1.c **** *  None
 116:Generated_Source\PSoC5/SW_Tx_UART_1.c **** *
 117:Generated_Source\PSoC5/SW_Tx_UART_1.c **** * Return:
 118:Generated_Source\PSoC5/SW_Tx_UART_1.c **** *  None
 119:Generated_Source\PSoC5/SW_Tx_UART_1.c **** *
 120:Generated_Source\PSoC5/SW_Tx_UART_1.c **** *******************************************************************************/
 121:Generated_Source\PSoC5/SW_Tx_UART_1.c **** void SW_Tx_UART_1_Stop(void) 
 122:Generated_Source\PSoC5/SW_Tx_UART_1.c **** {
  45              		.loc 1 122 0
  46              		.cfi_startproc
  47              		@ args = 0, pretend = 0, frame = 0
  48              		@ frame_needed = 0, uses_anonymous_args = 0
  49              		@ link register save eliminated.
ARM GAS  C:\Users\duver\AppData\Local\Temp\ccwL8ER2.s 			page 4


  50 0000 7047     		bx	lr
  51              		.cfi_endproc
  52              	.LFE1:
  53              		.size	SW_Tx_UART_1_Stop, .-SW_Tx_UART_1_Stop
  54 0002 00BF     		.section	.text.SW_Tx_UART_1_PutString,"ax",%progbits
  55              		.align	2
  56              		.global	SW_Tx_UART_1_PutString
  57              		.thumb
  58              		.thumb_func
  59              		.type	SW_Tx_UART_1_PutString, %function
  60              	SW_Tx_UART_1_PutString:
  61              	.LFB2:
 123:Generated_Source\PSoC5/SW_Tx_UART_1.c **** 
 124:Generated_Source\PSoC5/SW_Tx_UART_1.c **** }
 125:Generated_Source\PSoC5/SW_Tx_UART_1.c **** 
 126:Generated_Source\PSoC5/SW_Tx_UART_1.c **** 
 127:Generated_Source\PSoC5/SW_Tx_UART_1.c **** /*******************************************************************************
 128:Generated_Source\PSoC5/SW_Tx_UART_1.c **** * Function Name: SW_Tx_UART_1_PutString
 129:Generated_Source\PSoC5/SW_Tx_UART_1.c **** ********************************************************************************
 130:Generated_Source\PSoC5/SW_Tx_UART_1.c **** *
 131:Generated_Source\PSoC5/SW_Tx_UART_1.c **** * Summary:
 132:Generated_Source\PSoC5/SW_Tx_UART_1.c **** *  Sends a NULL terminated string via the Tx pin.
 133:Generated_Source\PSoC5/SW_Tx_UART_1.c **** *
 134:Generated_Source\PSoC5/SW_Tx_UART_1.c **** * Parameters:
 135:Generated_Source\PSoC5/SW_Tx_UART_1.c **** *  string: Pointer to the null terminated string to send
 136:Generated_Source\PSoC5/SW_Tx_UART_1.c **** *
 137:Generated_Source\PSoC5/SW_Tx_UART_1.c **** * Return:
 138:Generated_Source\PSoC5/SW_Tx_UART_1.c **** *  None
 139:Generated_Source\PSoC5/SW_Tx_UART_1.c **** *
 140:Generated_Source\PSoC5/SW_Tx_UART_1.c **** *******************************************************************************/
 141:Generated_Source\PSoC5/SW_Tx_UART_1.c **** void SW_Tx_UART_1_PutString(const char8 string[]) 
 142:Generated_Source\PSoC5/SW_Tx_UART_1.c **** {
  62              		.loc 1 142 0
  63              		.cfi_startproc
  64              		@ args = 0, pretend = 0, frame = 0
  65              		@ frame_needed = 0, uses_anonymous_args = 0
  66              	.LVL0:
  67              		.loc 1 142 0
  68 0000 38B5     		push	{r3, r4, r5, lr}
  69              		.cfi_def_cfa_offset 16
  70              		.cfi_offset 3, -16
  71              		.cfi_offset 4, -12
  72              		.cfi_offset 5, -8
  73              		.cfi_offset 14, -4
  74 0002 0546     		mov	r5, r0
  75              	.LVL1:
 143:Generated_Source\PSoC5/SW_Tx_UART_1.c ****     uint8 stringIndex = 1u;
 144:Generated_Source\PSoC5/SW_Tx_UART_1.c ****     char8 current = *string;
  76              		.loc 1 144 0
  77 0004 0078     		ldrb	r0, [r0]	@ zero_extendqisi2
  78              	.LVL2:
 143:Generated_Source\PSoC5/SW_Tx_UART_1.c ****     uint8 stringIndex = 1u;
  79              		.loc 1 143 0
  80 0006 0124     		movs	r4, #1
 145:Generated_Source\PSoC5/SW_Tx_UART_1.c **** 
 146:Generated_Source\PSoC5/SW_Tx_UART_1.c ****     /* Until null is reached, print next character */
 147:Generated_Source\PSoC5/SW_Tx_UART_1.c ****     while((char8) '\0' != current)
ARM GAS  C:\Users\duver\AppData\Local\Temp\ccwL8ER2.s 			page 5


  81              		.loc 1 147 0
  82 0008 04E0     		b	.L4
  83              	.LVL3:
  84              	.L5:
 148:Generated_Source\PSoC5/SW_Tx_UART_1.c ****     {
 149:Generated_Source\PSoC5/SW_Tx_UART_1.c ****         SW_Tx_UART_1_PutChar((uint8)current);
  85              		.loc 1 149 0
  86 000a FFF7FEFF 		bl	SW_Tx_UART_1_PutChar
  87              	.LVL4:
 150:Generated_Source\PSoC5/SW_Tx_UART_1.c ****         current = string[stringIndex];
  88              		.loc 1 150 0
  89 000e 285D     		ldrb	r0, [r5, r4]	@ zero_extendqisi2
  90              	.LVL5:
 151:Generated_Source\PSoC5/SW_Tx_UART_1.c ****         stringIndex++;
  91              		.loc 1 151 0
  92 0010 0134     		adds	r4, r4, #1
  93              	.LVL6:
  94 0012 E4B2     		uxtb	r4, r4
  95              	.LVL7:
  96              	.L4:
 147:Generated_Source\PSoC5/SW_Tx_UART_1.c ****     {
  97              		.loc 1 147 0
  98 0014 0028     		cmp	r0, #0
  99 0016 F8D1     		bne	.L5
 152:Generated_Source\PSoC5/SW_Tx_UART_1.c ****     }
 153:Generated_Source\PSoC5/SW_Tx_UART_1.c **** }
 100              		.loc 1 153 0
 101 0018 38BD     		pop	{r3, r4, r5, pc}
 102              		.cfi_endproc
 103              	.LFE2:
 104              		.size	SW_Tx_UART_1_PutString, .-SW_Tx_UART_1_PutString
 105 001a 00BF     		.section	.text.SW_Tx_UART_1_PutArray,"ax",%progbits
 106              		.align	2
 107              		.global	SW_Tx_UART_1_PutArray
 108              		.thumb
 109              		.thumb_func
 110              		.type	SW_Tx_UART_1_PutArray, %function
 111              	SW_Tx_UART_1_PutArray:
 112              	.LFB3:
 154:Generated_Source\PSoC5/SW_Tx_UART_1.c **** 
 155:Generated_Source\PSoC5/SW_Tx_UART_1.c **** 
 156:Generated_Source\PSoC5/SW_Tx_UART_1.c **** /*******************************************************************************
 157:Generated_Source\PSoC5/SW_Tx_UART_1.c **** * Function Name: SW_Tx_UART_1_PutArray
 158:Generated_Source\PSoC5/SW_Tx_UART_1.c **** ********************************************************************************
 159:Generated_Source\PSoC5/SW_Tx_UART_1.c **** *
 160:Generated_Source\PSoC5/SW_Tx_UART_1.c **** * Summary:
 161:Generated_Source\PSoC5/SW_Tx_UART_1.c **** *  Sends byteCount bytes from a memory array via the Tx pin.
 162:Generated_Source\PSoC5/SW_Tx_UART_1.c **** *
 163:Generated_Source\PSoC5/SW_Tx_UART_1.c **** * Parameters:
 164:Generated_Source\PSoC5/SW_Tx_UART_1.c **** *  data: Pointer to the memory array
 165:Generated_Source\PSoC5/SW_Tx_UART_1.c **** *  byteCount: Number of bytes to be transmitted
 166:Generated_Source\PSoC5/SW_Tx_UART_1.c **** *
 167:Generated_Source\PSoC5/SW_Tx_UART_1.c **** * Return:
 168:Generated_Source\PSoC5/SW_Tx_UART_1.c **** *  None
 169:Generated_Source\PSoC5/SW_Tx_UART_1.c **** *
 170:Generated_Source\PSoC5/SW_Tx_UART_1.c **** *******************************************************************************/
 171:Generated_Source\PSoC5/SW_Tx_UART_1.c **** void SW_Tx_UART_1_PutArray(const uint8 array[], uint32 byteCount) 
ARM GAS  C:\Users\duver\AppData\Local\Temp\ccwL8ER2.s 			page 6


 172:Generated_Source\PSoC5/SW_Tx_UART_1.c **** {
 113              		.loc 1 172 0
 114              		.cfi_startproc
 115              		@ args = 0, pretend = 0, frame = 0
 116              		@ frame_needed = 0, uses_anonymous_args = 0
 117              	.LVL8:
 118 0000 70B5     		push	{r4, r5, r6, lr}
 119              		.cfi_def_cfa_offset 16
 120              		.cfi_offset 4, -16
 121              		.cfi_offset 5, -12
 122              		.cfi_offset 6, -8
 123              		.cfi_offset 14, -4
 124 0002 0646     		mov	r6, r0
 125 0004 0D46     		mov	r5, r1
 126              	.LVL9:
 173:Generated_Source\PSoC5/SW_Tx_UART_1.c ****     uint32 arrayIndex;
 174:Generated_Source\PSoC5/SW_Tx_UART_1.c **** 
 175:Generated_Source\PSoC5/SW_Tx_UART_1.c ****     for (arrayIndex = 0u; arrayIndex < byteCount; arrayIndex++)
 127              		.loc 1 175 0
 128 0006 0024     		movs	r4, #0
 129 0008 03E0     		b	.L8
 130              	.LVL10:
 131              	.L9:
 176:Generated_Source\PSoC5/SW_Tx_UART_1.c ****     {
 177:Generated_Source\PSoC5/SW_Tx_UART_1.c ****         SW_Tx_UART_1_PutChar(array[arrayIndex]);
 132              		.loc 1 177 0 discriminator 3
 133 000a 305D     		ldrb	r0, [r6, r4]	@ zero_extendqisi2
 134 000c FFF7FEFF 		bl	SW_Tx_UART_1_PutChar
 135              	.LVL11:
 175:Generated_Source\PSoC5/SW_Tx_UART_1.c ****     {
 136              		.loc 1 175 0 discriminator 3
 137 0010 0134     		adds	r4, r4, #1
 138              	.LVL12:
 139              	.L8:
 175:Generated_Source\PSoC5/SW_Tx_UART_1.c ****     {
 140              		.loc 1 175 0 is_stmt 0 discriminator 1
 141 0012 AC42     		cmp	r4, r5
 142 0014 F9D3     		bcc	.L9
 178:Generated_Source\PSoC5/SW_Tx_UART_1.c ****     }
 179:Generated_Source\PSoC5/SW_Tx_UART_1.c **** }
 143              		.loc 1 179 0 is_stmt 1
 144 0016 70BD     		pop	{r4, r5, r6, pc}
 145              		.cfi_endproc
 146              	.LFE3:
 147              		.size	SW_Tx_UART_1_PutArray, .-SW_Tx_UART_1_PutArray
 148              		.section	.text.SW_Tx_UART_1_PutHexByte,"ax",%progbits
 149              		.align	2
 150              		.global	SW_Tx_UART_1_PutHexByte
 151              		.thumb
 152              		.thumb_func
 153              		.type	SW_Tx_UART_1_PutHexByte, %function
 154              	SW_Tx_UART_1_PutHexByte:
 155              	.LFB4:
 180:Generated_Source\PSoC5/SW_Tx_UART_1.c **** 
 181:Generated_Source\PSoC5/SW_Tx_UART_1.c **** 
 182:Generated_Source\PSoC5/SW_Tx_UART_1.c **** /*******************************************************************************
 183:Generated_Source\PSoC5/SW_Tx_UART_1.c **** * Function Name: SW_Tx_UART_1_PutHexByte
ARM GAS  C:\Users\duver\AppData\Local\Temp\ccwL8ER2.s 			page 7


 184:Generated_Source\PSoC5/SW_Tx_UART_1.c **** ********************************************************************************
 185:Generated_Source\PSoC5/SW_Tx_UART_1.c **** *
 186:Generated_Source\PSoC5/SW_Tx_UART_1.c **** * Summary:
 187:Generated_Source\PSoC5/SW_Tx_UART_1.c **** *  Sends a byte in Hex representation (two characters, uppercase for A-F) via
 188:Generated_Source\PSoC5/SW_Tx_UART_1.c **** *  the Tx pin.
 189:Generated_Source\PSoC5/SW_Tx_UART_1.c **** *
 190:Generated_Source\PSoC5/SW_Tx_UART_1.c **** * Parameters:
 191:Generated_Source\PSoC5/SW_Tx_UART_1.c **** *  TxHexByte: The byte to be converted to ASCII characters and
 192:Generated_Source\PSoC5/SW_Tx_UART_1.c **** *             sent via the Tx pin.
 193:Generated_Source\PSoC5/SW_Tx_UART_1.c **** *
 194:Generated_Source\PSoC5/SW_Tx_UART_1.c **** * Return:
 195:Generated_Source\PSoC5/SW_Tx_UART_1.c **** *  None
 196:Generated_Source\PSoC5/SW_Tx_UART_1.c **** *
 197:Generated_Source\PSoC5/SW_Tx_UART_1.c **** *******************************************************************************/
 198:Generated_Source\PSoC5/SW_Tx_UART_1.c **** void SW_Tx_UART_1_PutHexByte(uint8 txHexByte) 
 199:Generated_Source\PSoC5/SW_Tx_UART_1.c **** {
 156              		.loc 1 199 0
 157              		.cfi_startproc
 158              		@ args = 0, pretend = 0, frame = 0
 159              		@ frame_needed = 0, uses_anonymous_args = 0
 160              	.LVL13:
 161 0000 38B5     		push	{r3, r4, r5, lr}
 162              		.cfi_def_cfa_offset 16
 163              		.cfi_offset 3, -16
 164              		.cfi_offset 4, -12
 165              		.cfi_offset 5, -8
 166              		.cfi_offset 14, -4
 167 0002 0446     		mov	r4, r0
 200:Generated_Source\PSoC5/SW_Tx_UART_1.c ****     static char8 const CYCODE SW_Tx_UART_1_hex[] = "0123456789ABCDEF";
 201:Generated_Source\PSoC5/SW_Tx_UART_1.c **** 
 202:Generated_Source\PSoC5/SW_Tx_UART_1.c ****     SW_Tx_UART_1_PutChar((uint8) SW_Tx_UART_1_hex[txHexByte >> SW_Tx_UART_1_BYTE_UPPER_NIBBLE_SHIFT
 168              		.loc 1 202 0
 169 0004 0309     		lsrs	r3, r0, #4
 170 0006 054D     		ldr	r5, .L13
 171 0008 E85C     		ldrb	r0, [r5, r3]	@ zero_extendqisi2
 172              	.LVL14:
 173 000a FFF7FEFF 		bl	SW_Tx_UART_1_PutChar
 174              	.LVL15:
 203:Generated_Source\PSoC5/SW_Tx_UART_1.c ****     SW_Tx_UART_1_PutChar((uint8) SW_Tx_UART_1_hex[txHexByte & SW_Tx_UART_1_BYTE_LOWER_NIBBLE_MASK])
 175              		.loc 1 203 0
 176 000e 04F00F04 		and	r4, r4, #15
 177 0012 285D     		ldrb	r0, [r5, r4]	@ zero_extendqisi2
 178 0014 FFF7FEFF 		bl	SW_Tx_UART_1_PutChar
 179              	.LVL16:
 180 0018 38BD     		pop	{r3, r4, r5, pc}
 181              	.L14:
 182 001a 00BF     		.align	2
 183              	.L13:
 184 001c 00000000 		.word	.LANCHOR0
 185              		.cfi_endproc
 186              	.LFE4:
 187              		.size	SW_Tx_UART_1_PutHexByte, .-SW_Tx_UART_1_PutHexByte
 188              		.section	.text.SW_Tx_UART_1_PutHexInt,"ax",%progbits
 189              		.align	2
 190              		.global	SW_Tx_UART_1_PutHexInt
 191              		.thumb
 192              		.thumb_func
ARM GAS  C:\Users\duver\AppData\Local\Temp\ccwL8ER2.s 			page 8


 193              		.type	SW_Tx_UART_1_PutHexInt, %function
 194              	SW_Tx_UART_1_PutHexInt:
 195              	.LFB5:
 204:Generated_Source\PSoC5/SW_Tx_UART_1.c **** }
 205:Generated_Source\PSoC5/SW_Tx_UART_1.c **** 
 206:Generated_Source\PSoC5/SW_Tx_UART_1.c **** 
 207:Generated_Source\PSoC5/SW_Tx_UART_1.c **** /*******************************************************************************
 208:Generated_Source\PSoC5/SW_Tx_UART_1.c **** * Function Name: SW_Tx_UART_1_PutHexInt
 209:Generated_Source\PSoC5/SW_Tx_UART_1.c **** ********************************************************************************
 210:Generated_Source\PSoC5/SW_Tx_UART_1.c **** *
 211:Generated_Source\PSoC5/SW_Tx_UART_1.c **** * Summary:
 212:Generated_Source\PSoC5/SW_Tx_UART_1.c **** *  Sends a 16-bit unsigned integer in Hex representation (four characters,
 213:Generated_Source\PSoC5/SW_Tx_UART_1.c **** *  uppercase for A-F) via the Tx pin.
 214:Generated_Source\PSoC5/SW_Tx_UART_1.c **** *
 215:Generated_Source\PSoC5/SW_Tx_UART_1.c **** * Parameters:
 216:Generated_Source\PSoC5/SW_Tx_UART_1.c **** *  TxHexInt: The uint16 to be converted to ASCII characters and sent via
 217:Generated_Source\PSoC5/SW_Tx_UART_1.c **** *            the Tx pin.
 218:Generated_Source\PSoC5/SW_Tx_UART_1.c **** *
 219:Generated_Source\PSoC5/SW_Tx_UART_1.c **** * Return:
 220:Generated_Source\PSoC5/SW_Tx_UART_1.c **** *  None
 221:Generated_Source\PSoC5/SW_Tx_UART_1.c **** *
 222:Generated_Source\PSoC5/SW_Tx_UART_1.c **** *******************************************************************************/
 223:Generated_Source\PSoC5/SW_Tx_UART_1.c **** void SW_Tx_UART_1_PutHexInt(uint16 txHexInt) 
 224:Generated_Source\PSoC5/SW_Tx_UART_1.c **** {
 196              		.loc 1 224 0
 197              		.cfi_startproc
 198              		@ args = 0, pretend = 0, frame = 0
 199              		@ frame_needed = 0, uses_anonymous_args = 0
 200              	.LVL17:
 201 0000 10B5     		push	{r4, lr}
 202              		.cfi_def_cfa_offset 8
 203              		.cfi_offset 4, -8
 204              		.cfi_offset 14, -4
 205 0002 0446     		mov	r4, r0
 225:Generated_Source\PSoC5/SW_Tx_UART_1.c ****     SW_Tx_UART_1_PutHexByte((uint8)(txHexInt >> SW_Tx_UART_1_U16_UPPER_BYTE_SHIFT));
 206              		.loc 1 225 0
 207 0004 000A     		lsrs	r0, r0, #8
 208              	.LVL18:
 209 0006 FFF7FEFF 		bl	SW_Tx_UART_1_PutHexByte
 210              	.LVL19:
 226:Generated_Source\PSoC5/SW_Tx_UART_1.c ****     SW_Tx_UART_1_PutHexByte((uint8)(txHexInt & SW_Tx_UART_1_U16_LOWER_BYTE_MASK));
 211              		.loc 1 226 0
 212 000a E0B2     		uxtb	r0, r4
 213 000c FFF7FEFF 		bl	SW_Tx_UART_1_PutHexByte
 214              	.LVL20:
 215 0010 10BD     		pop	{r4, pc}
 216              		.cfi_endproc
 217              	.LFE5:
 218              		.size	SW_Tx_UART_1_PutHexInt, .-SW_Tx_UART_1_PutHexInt
 219 0012 00BF     		.section	.text.SW_Tx_UART_1_PutCRLF,"ax",%progbits
 220              		.align	2
 221              		.global	SW_Tx_UART_1_PutCRLF
 222              		.thumb
 223              		.thumb_func
 224              		.type	SW_Tx_UART_1_PutCRLF, %function
 225              	SW_Tx_UART_1_PutCRLF:
 226              	.LFB6:
ARM GAS  C:\Users\duver\AppData\Local\Temp\ccwL8ER2.s 			page 9


 227:Generated_Source\PSoC5/SW_Tx_UART_1.c **** }
 228:Generated_Source\PSoC5/SW_Tx_UART_1.c **** 
 229:Generated_Source\PSoC5/SW_Tx_UART_1.c **** 
 230:Generated_Source\PSoC5/SW_Tx_UART_1.c **** /*******************************************************************************
 231:Generated_Source\PSoC5/SW_Tx_UART_1.c **** * Function Name: SW_Tx_UART_1_PutCRLF
 232:Generated_Source\PSoC5/SW_Tx_UART_1.c **** ********************************************************************************
 233:Generated_Source\PSoC5/SW_Tx_UART_1.c **** *
 234:Generated_Source\PSoC5/SW_Tx_UART_1.c **** * Summary:
 235:Generated_Source\PSoC5/SW_Tx_UART_1.c **** *  Sends a carriage return (0x0D) and a line feed (0x0A) via the Tx pin.
 236:Generated_Source\PSoC5/SW_Tx_UART_1.c **** *
 237:Generated_Source\PSoC5/SW_Tx_UART_1.c **** * Parameters:
 238:Generated_Source\PSoC5/SW_Tx_UART_1.c **** *  None
 239:Generated_Source\PSoC5/SW_Tx_UART_1.c **** *
 240:Generated_Source\PSoC5/SW_Tx_UART_1.c **** * Return:
 241:Generated_Source\PSoC5/SW_Tx_UART_1.c **** *  None
 242:Generated_Source\PSoC5/SW_Tx_UART_1.c **** *
 243:Generated_Source\PSoC5/SW_Tx_UART_1.c **** *******************************************************************************/
 244:Generated_Source\PSoC5/SW_Tx_UART_1.c **** void SW_Tx_UART_1_PutCRLF(void) 
 245:Generated_Source\PSoC5/SW_Tx_UART_1.c **** {
 227              		.loc 1 245 0
 228              		.cfi_startproc
 229              		@ args = 0, pretend = 0, frame = 0
 230              		@ frame_needed = 0, uses_anonymous_args = 0
 231 0000 08B5     		push	{r3, lr}
 232              		.cfi_def_cfa_offset 8
 233              		.cfi_offset 3, -8
 234              		.cfi_offset 14, -4
 246:Generated_Source\PSoC5/SW_Tx_UART_1.c ****     SW_Tx_UART_1_PutChar(0x0Du);
 235              		.loc 1 246 0
 236 0002 0D20     		movs	r0, #13
 237 0004 FFF7FEFF 		bl	SW_Tx_UART_1_PutChar
 238              	.LVL21:
 247:Generated_Source\PSoC5/SW_Tx_UART_1.c ****     SW_Tx_UART_1_PutChar(0x0Au);
 239              		.loc 1 247 0
 240 0008 0A20     		movs	r0, #10
 241 000a FFF7FEFF 		bl	SW_Tx_UART_1_PutChar
 242              	.LVL22:
 243 000e 08BD     		pop	{r3, pc}
 244              		.cfi_endproc
 245              	.LFE6:
 246              		.size	SW_Tx_UART_1_PutCRLF, .-SW_Tx_UART_1_PutCRLF
 247              		.global	SW_Tx_UART_1_pinDrAdress
 248              		.global	SW_Tx_UART_1_pinPortNumber
 249              		.global	SW_Tx_UART_1_pinNumber
 250              		.section	.rodata
 251              		.align	2
 252              		.set	.LANCHOR0,. + 0
 253              		.type	SW_Tx_UART_1_hex.4274, %object
 254              		.size	SW_Tx_UART_1_hex.4274, 17
 255              	SW_Tx_UART_1_hex.4274:
 256 0000 30313233 		.ascii	"0123456789ABCDEF\000"
 256      34353637 
 256      38394142 
 256      43444546 
 256      00
 257              		.data
 258              		.align	2
ARM GAS  C:\Users\duver\AppData\Local\Temp\ccwL8ER2.s 			page 10


 259              		.type	SW_Tx_UART_1_pinDrAdress, %object
 260              		.size	SW_Tx_UART_1_pinDrAdress, 4
 261              	SW_Tx_UART_1_pinDrAdress:
 262 0000 07500040 		.word	1073762311
 263              		.type	SW_Tx_UART_1_pinNumber, %object
 264              		.size	SW_Tx_UART_1_pinNumber, 4
 265              	SW_Tx_UART_1_pinNumber:
 266 0004 07000000 		.word	7
 267              		.bss
 268              		.align	2
 269              		.type	SW_Tx_UART_1_pinPortNumber, %object
 270              		.size	SW_Tx_UART_1_pinPortNumber, 4
 271              	SW_Tx_UART_1_pinPortNumber:
 272 0000 00000000 		.space	4
 273              		.text
 274              	.Letext0:
 275              		.file 2 "Generated_Source\\PSoC5\\cytypes.h"
 276              		.file 3 "Generated_Source\\PSoC5\\SW_Tx_UART_1.h"
 277              		.section	.debug_info,"",%progbits
 278              	.Ldebug_info0:
 279 0000 C0020000 		.4byte	0x2c0
 280 0004 0400     		.2byte	0x4
 281 0006 00000000 		.4byte	.Ldebug_abbrev0
 282 000a 04       		.byte	0x4
 283 000b 01       		.uleb128 0x1
 284 000c 7F020000 		.4byte	.LASF36
 285 0010 0C       		.byte	0xc
 286 0011 91010000 		.4byte	.LASF37
 287 0015 34010000 		.4byte	.LASF38
 288 0019 00000000 		.4byte	.Ldebug_ranges0+0
 289 001d 00000000 		.4byte	0
 290 0021 00000000 		.4byte	.Ldebug_line0
 291 0025 02       		.uleb128 0x2
 292 0026 01       		.byte	0x1
 293 0027 06       		.byte	0x6
 294 0028 08010000 		.4byte	.LASF0
 295 002c 02       		.uleb128 0x2
 296 002d 01       		.byte	0x1
 297 002e 08       		.byte	0x8
 298 002f D7000000 		.4byte	.LASF1
 299 0033 02       		.uleb128 0x2
 300 0034 02       		.byte	0x2
 301 0035 05       		.byte	0x5
 302 0036 11000000 		.4byte	.LASF2
 303 003a 02       		.uleb128 0x2
 304 003b 02       		.byte	0x2
 305 003c 07       		.byte	0x7
 306 003d D7010000 		.4byte	.LASF3
 307 0041 02       		.uleb128 0x2
 308 0042 04       		.byte	0x4
 309 0043 05       		.byte	0x5
 310 0044 A2000000 		.4byte	.LASF4
 311 0048 02       		.uleb128 0x2
 312 0049 04       		.byte	0x4
 313 004a 07       		.byte	0x7
 314 004b 18020000 		.4byte	.LASF5
 315 004f 02       		.uleb128 0x2
ARM GAS  C:\Users\duver\AppData\Local\Temp\ccwL8ER2.s 			page 11


 316 0050 08       		.byte	0x8
 317 0051 05       		.byte	0x5
 318 0052 94000000 		.4byte	.LASF6
 319 0056 02       		.uleb128 0x2
 320 0057 08       		.byte	0x8
 321 0058 07       		.byte	0x7
 322 0059 14010000 		.4byte	.LASF7
 323 005d 03       		.uleb128 0x3
 324 005e 04       		.byte	0x4
 325 005f 05       		.byte	0x5
 326 0060 696E7400 		.ascii	"int\000"
 327 0064 02       		.uleb128 0x2
 328 0065 04       		.byte	0x4
 329 0066 07       		.byte	0x7
 330 0067 0D030000 		.4byte	.LASF8
 331 006b 04       		.uleb128 0x4
 332 006c 4A000000 		.4byte	.LASF9
 333 0070 02       		.byte	0x2
 334 0071 E401     		.2byte	0x1e4
 335 0073 2C000000 		.4byte	0x2c
 336 0077 04       		.uleb128 0x4
 337 0078 2A000000 		.4byte	.LASF10
 338 007c 02       		.byte	0x2
 339 007d E501     		.2byte	0x1e5
 340 007f 3A000000 		.4byte	0x3a
 341 0083 04       		.uleb128 0x4
 342 0084 11020000 		.4byte	.LASF11
 343 0088 02       		.byte	0x2
 344 0089 E601     		.2byte	0x1e6
 345 008b 48000000 		.4byte	0x48
 346 008f 02       		.uleb128 0x2
 347 0090 04       		.byte	0x4
 348 0091 04       		.byte	0x4
 349 0092 77000000 		.4byte	.LASF12
 350 0096 02       		.uleb128 0x2
 351 0097 08       		.byte	0x8
 352 0098 04       		.byte	0x4
 353 0099 2A020000 		.4byte	.LASF13
 354 009d 04       		.uleb128 0x4
 355 009e 24000000 		.4byte	.LASF14
 356 00a2 02       		.byte	0x2
 357 00a3 F501     		.2byte	0x1f5
 358 00a5 A9000000 		.4byte	0xa9
 359 00a9 02       		.uleb128 0x2
 360 00aa 01       		.byte	0x1
 361 00ab 08       		.byte	0x8
 362 00ac EA010000 		.4byte	.LASF15
 363 00b0 05       		.uleb128 0x5
 364 00b1 4D020000 		.4byte	.LASF16
 365 00b5 01       		.byte	0x1
 366 00b6 35       		.byte	0x35
 367 00b7 00000000 		.4byte	.LFB0
 368 00bb 02000000 		.4byte	.LFE0-.LFB0
 369 00bf 01       		.uleb128 0x1
 370 00c0 9C       		.byte	0x9c
 371 00c1 05       		.uleb128 0x5
 372 00c2 50000000 		.4byte	.LASF17
ARM GAS  C:\Users\duver\AppData\Local\Temp\ccwL8ER2.s 			page 12


 373 00c6 01       		.byte	0x1
 374 00c7 79       		.byte	0x79
 375 00c8 00000000 		.4byte	.LFB1
 376 00cc 02000000 		.4byte	.LFE1-.LFB1
 377 00d0 01       		.uleb128 0x1
 378 00d1 9C       		.byte	0x9c
 379 00d2 06       		.uleb128 0x6
 380 00d3 EF010000 		.4byte	.LASF20
 381 00d7 01       		.byte	0x1
 382 00d8 8D       		.byte	0x8d
 383 00d9 00000000 		.4byte	.LFB2
 384 00dd 1A000000 		.4byte	.LFE2-.LFB2
 385 00e1 01       		.uleb128 0x1
 386 00e2 9C       		.byte	0x9c
 387 00e3 1E010000 		.4byte	0x11e
 388 00e7 07       		.uleb128 0x7
 389 00e8 AB000000 		.4byte	.LASF22
 390 00ec 01       		.byte	0x1
 391 00ed 8D       		.byte	0x8d
 392 00ee 1E010000 		.4byte	0x11e
 393 00f2 00000000 		.4byte	.LLST0
 394 00f6 08       		.uleb128 0x8
 395 00f7 FC000000 		.4byte	.LASF18
 396 00fb 01       		.byte	0x1
 397 00fc 8F       		.byte	0x8f
 398 00fd 6B000000 		.4byte	0x6b
 399 0101 1E000000 		.4byte	.LLST1
 400 0105 08       		.uleb128 0x8
 401 0106 CF010000 		.4byte	.LASF19
 402 010a 01       		.byte	0x1
 403 010b 90       		.byte	0x90
 404 010c 9D000000 		.4byte	0x9d
 405 0110 48000000 		.4byte	.LLST2
 406 0114 09       		.uleb128 0x9
 407 0115 0E000000 		.4byte	.LVL4
 408 0119 B8020000 		.4byte	0x2b8
 409 011d 00       		.byte	0
 410 011e 0A       		.uleb128 0xa
 411 011f 04       		.byte	0x4
 412 0120 24010000 		.4byte	0x124
 413 0124 0B       		.uleb128 0xb
 414 0125 9D000000 		.4byte	0x9d
 415 0129 06       		.uleb128 0x6
 416 012a 31020000 		.4byte	.LASF21
 417 012e 01       		.byte	0x1
 418 012f AB       		.byte	0xab
 419 0130 00000000 		.4byte	.LFB3
 420 0134 18000000 		.4byte	.LFE3-.LFB3
 421 0138 01       		.uleb128 0x1
 422 0139 9C       		.byte	0x9c
 423 013a 75010000 		.4byte	0x175
 424 013e 07       		.uleb128 0x7
 425 013f 47020000 		.4byte	.LASF23
 426 0143 01       		.byte	0x1
 427 0144 AB       		.byte	0xab
 428 0145 75010000 		.4byte	0x175
 429 0149 66000000 		.4byte	.LLST3
ARM GAS  C:\Users\duver\AppData\Local\Temp\ccwL8ER2.s 			page 13


 430 014d 07       		.uleb128 0x7
 431 014e 75020000 		.4byte	.LASF24
 432 0152 01       		.byte	0x1
 433 0153 AB       		.byte	0xab
 434 0154 83000000 		.4byte	0x83
 435 0158 84000000 		.4byte	.LLST4
 436 015c 08       		.uleb128 0x8
 437 015d 06020000 		.4byte	.LASF25
 438 0161 01       		.byte	0x1
 439 0162 AD       		.byte	0xad
 440 0163 83000000 		.4byte	0x83
 441 0167 A2000000 		.4byte	.LLST5
 442 016b 09       		.uleb128 0x9
 443 016c 10000000 		.4byte	.LVL11
 444 0170 B8020000 		.4byte	0x2b8
 445 0174 00       		.byte	0
 446 0175 0A       		.uleb128 0xa
 447 0176 04       		.byte	0x4
 448 0177 7B010000 		.4byte	0x17b
 449 017b 0B       		.uleb128 0xb
 450 017c 6B000000 		.4byte	0x6b
 451 0180 06       		.uleb128 0x6
 452 0181 B7010000 		.4byte	.LASF26
 453 0185 01       		.byte	0x1
 454 0186 C6       		.byte	0xc6
 455 0187 00000000 		.4byte	.LFB4
 456 018b 20000000 		.4byte	.LFE4-.LFB4
 457 018f 01       		.uleb128 0x1
 458 0190 9C       		.byte	0x9c
 459 0191 E6010000 		.4byte	0x1e6
 460 0195 07       		.uleb128 0x7
 461 0196 CD000000 		.4byte	.LASF27
 462 019a 01       		.byte	0x1
 463 019b C6       		.byte	0xc6
 464 019c 6B000000 		.4byte	0x6b
 465 01a0 C1000000 		.4byte	.LLST6
 466 01a4 0C       		.uleb128 0xc
 467 01a5 00000000 		.4byte	.LASF28
 468 01a9 01       		.byte	0x1
 469 01aa C8       		.byte	0xc8
 470 01ab FD010000 		.4byte	0x1fd
 471 01af 05       		.uleb128 0x5
 472 01b0 03       		.byte	0x3
 473 01b1 00000000 		.4byte	SW_Tx_UART_1_hex.4274
 474 01b5 0D       		.uleb128 0xd
 475 01b6 0E000000 		.4byte	.LVL15
 476 01ba B8020000 		.4byte	0x2b8
 477 01be D0010000 		.4byte	0x1d0
 478 01c2 0E       		.uleb128 0xe
 479 01c3 01       		.uleb128 0x1
 480 01c4 50       		.byte	0x50
 481 01c5 09       		.uleb128 0x9
 482 01c6 74       		.byte	0x74
 483 01c7 00       		.sleb128 0
 484 01c8 34       		.byte	0x34
 485 01c9 25       		.byte	0x25
 486 01ca 75       		.byte	0x75
ARM GAS  C:\Users\duver\AppData\Local\Temp\ccwL8ER2.s 			page 14


 487 01cb 00       		.sleb128 0
 488 01cc 22       		.byte	0x22
 489 01cd 94       		.byte	0x94
 490 01ce 01       		.byte	0x1
 491 01cf 00       		.byte	0
 492 01d0 0F       		.uleb128 0xf
 493 01d1 18000000 		.4byte	.LVL16
 494 01d5 B8020000 		.4byte	0x2b8
 495 01d9 0E       		.uleb128 0xe
 496 01da 01       		.uleb128 0x1
 497 01db 50       		.byte	0x50
 498 01dc 07       		.uleb128 0x7
 499 01dd 75       		.byte	0x75
 500 01de 00       		.sleb128 0
 501 01df 74       		.byte	0x74
 502 01e0 00       		.sleb128 0
 503 01e1 22       		.byte	0x22
 504 01e2 94       		.byte	0x94
 505 01e3 01       		.byte	0x1
 506 01e4 00       		.byte	0
 507 01e5 00       		.byte	0
 508 01e6 10       		.uleb128 0x10
 509 01e7 24010000 		.4byte	0x124
 510 01eb F6010000 		.4byte	0x1f6
 511 01ef 11       		.uleb128 0x11
 512 01f0 F6010000 		.4byte	0x1f6
 513 01f4 10       		.byte	0x10
 514 01f5 00       		.byte	0
 515 01f6 02       		.uleb128 0x2
 516 01f7 04       		.byte	0x4
 517 01f8 07       		.byte	0x7
 518 01f9 1B000000 		.4byte	.LASF29
 519 01fd 0B       		.uleb128 0xb
 520 01fe E6010000 		.4byte	0x1e6
 521 0202 06       		.uleb128 0x6
 522 0203 7D000000 		.4byte	.LASF30
 523 0207 01       		.byte	0x1
 524 0208 DF       		.byte	0xdf
 525 0209 00000000 		.4byte	.LFB5
 526 020d 12000000 		.4byte	.LFE5-.LFB5
 527 0211 01       		.uleb128 0x1
 528 0212 9C       		.byte	0x9c
 529 0213 4D020000 		.4byte	0x24d
 530 0217 07       		.uleb128 0x7
 531 0218 2B010000 		.4byte	.LASF31
 532 021c 01       		.byte	0x1
 533 021d DF       		.byte	0xdf
 534 021e 77000000 		.4byte	0x77
 535 0222 E2000000 		.4byte	.LLST7
 536 0226 0D       		.uleb128 0xd
 537 0227 0A000000 		.4byte	.LVL19
 538 022b 80010000 		.4byte	0x180
 539 022f 3C020000 		.4byte	0x23c
 540 0233 0E       		.uleb128 0xe
 541 0234 01       		.uleb128 0x1
 542 0235 50       		.byte	0x50
 543 0236 04       		.uleb128 0x4
ARM GAS  C:\Users\duver\AppData\Local\Temp\ccwL8ER2.s 			page 15


 544 0237 74       		.byte	0x74
 545 0238 00       		.sleb128 0
 546 0239 38       		.byte	0x38
 547 023a 25       		.byte	0x25
 548 023b 00       		.byte	0
 549 023c 0F       		.uleb128 0xf
 550 023d 10000000 		.4byte	.LVL20
 551 0241 80010000 		.4byte	0x180
 552 0245 0E       		.uleb128 0xe
 553 0246 01       		.uleb128 0x1
 554 0247 50       		.byte	0x50
 555 0248 02       		.uleb128 0x2
 556 0249 74       		.byte	0x74
 557 024a 00       		.sleb128 0
 558 024b 00       		.byte	0
 559 024c 00       		.byte	0
 560 024d 06       		.uleb128 0x6
 561 024e 62000000 		.4byte	.LASF32
 562 0252 01       		.byte	0x1
 563 0253 F4       		.byte	0xf4
 564 0254 00000000 		.4byte	.LFB6
 565 0258 10000000 		.4byte	.LFE6-.LFB6
 566 025c 01       		.uleb128 0x1
 567 025d 9C       		.byte	0x9c
 568 025e 85020000 		.4byte	0x285
 569 0262 0D       		.uleb128 0xd
 570 0263 08000000 		.4byte	.LVL21
 571 0267 B8020000 		.4byte	0x2b8
 572 026b 75020000 		.4byte	0x275
 573 026f 0E       		.uleb128 0xe
 574 0270 01       		.uleb128 0x1
 575 0271 50       		.byte	0x50
 576 0272 01       		.uleb128 0x1
 577 0273 3D       		.byte	0x3d
 578 0274 00       		.byte	0
 579 0275 0F       		.uleb128 0xf
 580 0276 0E000000 		.4byte	.LVL22
 581 027a B8020000 		.4byte	0x2b8
 582 027e 0E       		.uleb128 0xe
 583 027f 01       		.uleb128 0x1
 584 0280 50       		.byte	0x50
 585 0281 01       		.uleb128 0x1
 586 0282 3A       		.byte	0x3a
 587 0283 00       		.byte	0
 588 0284 00       		.byte	0
 589 0285 12       		.uleb128 0x12
 590 0286 E5000000 		.4byte	.LASF33
 591 028a 01       		.byte	0x1
 592 028b 12       		.byte	0x12
 593 028c 83000000 		.4byte	0x83
 594 0290 05       		.uleb128 0x5
 595 0291 03       		.byte	0x3
 596 0292 00000000 		.4byte	SW_Tx_UART_1_pinNumber
 597 0296 12       		.uleb128 0x12
 598 0297 B2000000 		.4byte	.LASF34
 599 029b 01       		.byte	0x1
 600 029c 13       		.byte	0x13
ARM GAS  C:\Users\duver\AppData\Local\Temp\ccwL8ER2.s 			page 16


 601 029d 83000000 		.4byte	0x83
 602 02a1 05       		.uleb128 0x5
 603 02a2 03       		.byte	0x3
 604 02a3 00000000 		.4byte	SW_Tx_UART_1_pinPortNumber
 605 02a7 12       		.uleb128 0x12
 606 02a8 31000000 		.4byte	.LASF35
 607 02ac 01       		.byte	0x1
 608 02ad 17       		.byte	0x17
 609 02ae 83000000 		.4byte	0x83
 610 02b2 05       		.uleb128 0x5
 611 02b3 03       		.byte	0x3
 612 02b4 00000000 		.4byte	SW_Tx_UART_1_pinDrAdress
 613 02b8 13       		.uleb128 0x13
 614 02b9 60020000 		.4byte	.LASF39
 615 02bd 60020000 		.4byte	.LASF39
 616 02c1 03       		.byte	0x3
 617 02c2 25       		.byte	0x25
 618 02c3 00       		.byte	0
 619              		.section	.debug_abbrev,"",%progbits
 620              	.Ldebug_abbrev0:
 621 0000 01       		.uleb128 0x1
 622 0001 11       		.uleb128 0x11
 623 0002 01       		.byte	0x1
 624 0003 25       		.uleb128 0x25
 625 0004 0E       		.uleb128 0xe
 626 0005 13       		.uleb128 0x13
 627 0006 0B       		.uleb128 0xb
 628 0007 03       		.uleb128 0x3
 629 0008 0E       		.uleb128 0xe
 630 0009 1B       		.uleb128 0x1b
 631 000a 0E       		.uleb128 0xe
 632 000b 55       		.uleb128 0x55
 633 000c 17       		.uleb128 0x17
 634 000d 11       		.uleb128 0x11
 635 000e 01       		.uleb128 0x1
 636 000f 10       		.uleb128 0x10
 637 0010 17       		.uleb128 0x17
 638 0011 00       		.byte	0
 639 0012 00       		.byte	0
 640 0013 02       		.uleb128 0x2
 641 0014 24       		.uleb128 0x24
 642 0015 00       		.byte	0
 643 0016 0B       		.uleb128 0xb
 644 0017 0B       		.uleb128 0xb
 645 0018 3E       		.uleb128 0x3e
 646 0019 0B       		.uleb128 0xb
 647 001a 03       		.uleb128 0x3
 648 001b 0E       		.uleb128 0xe
 649 001c 00       		.byte	0
 650 001d 00       		.byte	0
 651 001e 03       		.uleb128 0x3
 652 001f 24       		.uleb128 0x24
 653 0020 00       		.byte	0
 654 0021 0B       		.uleb128 0xb
 655 0022 0B       		.uleb128 0xb
 656 0023 3E       		.uleb128 0x3e
 657 0024 0B       		.uleb128 0xb
ARM GAS  C:\Users\duver\AppData\Local\Temp\ccwL8ER2.s 			page 17


 658 0025 03       		.uleb128 0x3
 659 0026 08       		.uleb128 0x8
 660 0027 00       		.byte	0
 661 0028 00       		.byte	0
 662 0029 04       		.uleb128 0x4
 663 002a 16       		.uleb128 0x16
 664 002b 00       		.byte	0
 665 002c 03       		.uleb128 0x3
 666 002d 0E       		.uleb128 0xe
 667 002e 3A       		.uleb128 0x3a
 668 002f 0B       		.uleb128 0xb
 669 0030 3B       		.uleb128 0x3b
 670 0031 05       		.uleb128 0x5
 671 0032 49       		.uleb128 0x49
 672 0033 13       		.uleb128 0x13
 673 0034 00       		.byte	0
 674 0035 00       		.byte	0
 675 0036 05       		.uleb128 0x5
 676 0037 2E       		.uleb128 0x2e
 677 0038 00       		.byte	0
 678 0039 3F       		.uleb128 0x3f
 679 003a 19       		.uleb128 0x19
 680 003b 03       		.uleb128 0x3
 681 003c 0E       		.uleb128 0xe
 682 003d 3A       		.uleb128 0x3a
 683 003e 0B       		.uleb128 0xb
 684 003f 3B       		.uleb128 0x3b
 685 0040 0B       		.uleb128 0xb
 686 0041 27       		.uleb128 0x27
 687 0042 19       		.uleb128 0x19
 688 0043 11       		.uleb128 0x11
 689 0044 01       		.uleb128 0x1
 690 0045 12       		.uleb128 0x12
 691 0046 06       		.uleb128 0x6
 692 0047 40       		.uleb128 0x40
 693 0048 18       		.uleb128 0x18
 694 0049 9742     		.uleb128 0x2117
 695 004b 19       		.uleb128 0x19
 696 004c 00       		.byte	0
 697 004d 00       		.byte	0
 698 004e 06       		.uleb128 0x6
 699 004f 2E       		.uleb128 0x2e
 700 0050 01       		.byte	0x1
 701 0051 3F       		.uleb128 0x3f
 702 0052 19       		.uleb128 0x19
 703 0053 03       		.uleb128 0x3
 704 0054 0E       		.uleb128 0xe
 705 0055 3A       		.uleb128 0x3a
 706 0056 0B       		.uleb128 0xb
 707 0057 3B       		.uleb128 0x3b
 708 0058 0B       		.uleb128 0xb
 709 0059 27       		.uleb128 0x27
 710 005a 19       		.uleb128 0x19
 711 005b 11       		.uleb128 0x11
 712 005c 01       		.uleb128 0x1
 713 005d 12       		.uleb128 0x12
 714 005e 06       		.uleb128 0x6
ARM GAS  C:\Users\duver\AppData\Local\Temp\ccwL8ER2.s 			page 18


 715 005f 40       		.uleb128 0x40
 716 0060 18       		.uleb128 0x18
 717 0061 9742     		.uleb128 0x2117
 718 0063 19       		.uleb128 0x19
 719 0064 01       		.uleb128 0x1
 720 0065 13       		.uleb128 0x13
 721 0066 00       		.byte	0
 722 0067 00       		.byte	0
 723 0068 07       		.uleb128 0x7
 724 0069 05       		.uleb128 0x5
 725 006a 00       		.byte	0
 726 006b 03       		.uleb128 0x3
 727 006c 0E       		.uleb128 0xe
 728 006d 3A       		.uleb128 0x3a
 729 006e 0B       		.uleb128 0xb
 730 006f 3B       		.uleb128 0x3b
 731 0070 0B       		.uleb128 0xb
 732 0071 49       		.uleb128 0x49
 733 0072 13       		.uleb128 0x13
 734 0073 02       		.uleb128 0x2
 735 0074 17       		.uleb128 0x17
 736 0075 00       		.byte	0
 737 0076 00       		.byte	0
 738 0077 08       		.uleb128 0x8
 739 0078 34       		.uleb128 0x34
 740 0079 00       		.byte	0
 741 007a 03       		.uleb128 0x3
 742 007b 0E       		.uleb128 0xe
 743 007c 3A       		.uleb128 0x3a
 744 007d 0B       		.uleb128 0xb
 745 007e 3B       		.uleb128 0x3b
 746 007f 0B       		.uleb128 0xb
 747 0080 49       		.uleb128 0x49
 748 0081 13       		.uleb128 0x13
 749 0082 02       		.uleb128 0x2
 750 0083 17       		.uleb128 0x17
 751 0084 00       		.byte	0
 752 0085 00       		.byte	0
 753 0086 09       		.uleb128 0x9
 754 0087 898201   		.uleb128 0x4109
 755 008a 00       		.byte	0
 756 008b 11       		.uleb128 0x11
 757 008c 01       		.uleb128 0x1
 758 008d 31       		.uleb128 0x31
 759 008e 13       		.uleb128 0x13
 760 008f 00       		.byte	0
 761 0090 00       		.byte	0
 762 0091 0A       		.uleb128 0xa
 763 0092 0F       		.uleb128 0xf
 764 0093 00       		.byte	0
 765 0094 0B       		.uleb128 0xb
 766 0095 0B       		.uleb128 0xb
 767 0096 49       		.uleb128 0x49
 768 0097 13       		.uleb128 0x13
 769 0098 00       		.byte	0
 770 0099 00       		.byte	0
 771 009a 0B       		.uleb128 0xb
ARM GAS  C:\Users\duver\AppData\Local\Temp\ccwL8ER2.s 			page 19


 772 009b 26       		.uleb128 0x26
 773 009c 00       		.byte	0
 774 009d 49       		.uleb128 0x49
 775 009e 13       		.uleb128 0x13
 776 009f 00       		.byte	0
 777 00a0 00       		.byte	0
 778 00a1 0C       		.uleb128 0xc
 779 00a2 34       		.uleb128 0x34
 780 00a3 00       		.byte	0
 781 00a4 03       		.uleb128 0x3
 782 00a5 0E       		.uleb128 0xe
 783 00a6 3A       		.uleb128 0x3a
 784 00a7 0B       		.uleb128 0xb
 785 00a8 3B       		.uleb128 0x3b
 786 00a9 0B       		.uleb128 0xb
 787 00aa 49       		.uleb128 0x49
 788 00ab 13       		.uleb128 0x13
 789 00ac 02       		.uleb128 0x2
 790 00ad 18       		.uleb128 0x18
 791 00ae 00       		.byte	0
 792 00af 00       		.byte	0
 793 00b0 0D       		.uleb128 0xd
 794 00b1 898201   		.uleb128 0x4109
 795 00b4 01       		.byte	0x1
 796 00b5 11       		.uleb128 0x11
 797 00b6 01       		.uleb128 0x1
 798 00b7 31       		.uleb128 0x31
 799 00b8 13       		.uleb128 0x13
 800 00b9 01       		.uleb128 0x1
 801 00ba 13       		.uleb128 0x13
 802 00bb 00       		.byte	0
 803 00bc 00       		.byte	0
 804 00bd 0E       		.uleb128 0xe
 805 00be 8A8201   		.uleb128 0x410a
 806 00c1 00       		.byte	0
 807 00c2 02       		.uleb128 0x2
 808 00c3 18       		.uleb128 0x18
 809 00c4 9142     		.uleb128 0x2111
 810 00c6 18       		.uleb128 0x18
 811 00c7 00       		.byte	0
 812 00c8 00       		.byte	0
 813 00c9 0F       		.uleb128 0xf
 814 00ca 898201   		.uleb128 0x4109
 815 00cd 01       		.byte	0x1
 816 00ce 11       		.uleb128 0x11
 817 00cf 01       		.uleb128 0x1
 818 00d0 31       		.uleb128 0x31
 819 00d1 13       		.uleb128 0x13
 820 00d2 00       		.byte	0
 821 00d3 00       		.byte	0
 822 00d4 10       		.uleb128 0x10
 823 00d5 01       		.uleb128 0x1
 824 00d6 01       		.byte	0x1
 825 00d7 49       		.uleb128 0x49
 826 00d8 13       		.uleb128 0x13
 827 00d9 01       		.uleb128 0x1
 828 00da 13       		.uleb128 0x13
ARM GAS  C:\Users\duver\AppData\Local\Temp\ccwL8ER2.s 			page 20


 829 00db 00       		.byte	0
 830 00dc 00       		.byte	0
 831 00dd 11       		.uleb128 0x11
 832 00de 21       		.uleb128 0x21
 833 00df 00       		.byte	0
 834 00e0 49       		.uleb128 0x49
 835 00e1 13       		.uleb128 0x13
 836 00e2 2F       		.uleb128 0x2f
 837 00e3 0B       		.uleb128 0xb
 838 00e4 00       		.byte	0
 839 00e5 00       		.byte	0
 840 00e6 12       		.uleb128 0x12
 841 00e7 34       		.uleb128 0x34
 842 00e8 00       		.byte	0
 843 00e9 03       		.uleb128 0x3
 844 00ea 0E       		.uleb128 0xe
 845 00eb 3A       		.uleb128 0x3a
 846 00ec 0B       		.uleb128 0xb
 847 00ed 3B       		.uleb128 0x3b
 848 00ee 0B       		.uleb128 0xb
 849 00ef 49       		.uleb128 0x49
 850 00f0 13       		.uleb128 0x13
 851 00f1 3F       		.uleb128 0x3f
 852 00f2 19       		.uleb128 0x19
 853 00f3 02       		.uleb128 0x2
 854 00f4 18       		.uleb128 0x18
 855 00f5 00       		.byte	0
 856 00f6 00       		.byte	0
 857 00f7 13       		.uleb128 0x13
 858 00f8 2E       		.uleb128 0x2e
 859 00f9 00       		.byte	0
 860 00fa 3F       		.uleb128 0x3f
 861 00fb 19       		.uleb128 0x19
 862 00fc 3C       		.uleb128 0x3c
 863 00fd 19       		.uleb128 0x19
 864 00fe 6E       		.uleb128 0x6e
 865 00ff 0E       		.uleb128 0xe
 866 0100 03       		.uleb128 0x3
 867 0101 0E       		.uleb128 0xe
 868 0102 3A       		.uleb128 0x3a
 869 0103 0B       		.uleb128 0xb
 870 0104 3B       		.uleb128 0x3b
 871 0105 0B       		.uleb128 0xb
 872 0106 00       		.byte	0
 873 0107 00       		.byte	0
 874 0108 00       		.byte	0
 875              		.section	.debug_loc,"",%progbits
 876              	.Ldebug_loc0:
 877              	.LLST0:
 878 0000 00000000 		.4byte	.LVL0
 879 0004 06000000 		.4byte	.LVL2
 880 0008 0100     		.2byte	0x1
 881 000a 50       		.byte	0x50
 882 000b 06000000 		.4byte	.LVL2
 883 000f 1A000000 		.4byte	.LFE2
 884 0013 0100     		.2byte	0x1
 885 0015 55       		.byte	0x55
ARM GAS  C:\Users\duver\AppData\Local\Temp\ccwL8ER2.s 			page 21


 886 0016 00000000 		.4byte	0
 887 001a 00000000 		.4byte	0
 888              	.LLST1:
 889 001e 04000000 		.4byte	.LVL1
 890 0022 0A000000 		.4byte	.LVL3
 891 0026 0200     		.2byte	0x2
 892 0028 31       		.byte	0x31
 893 0029 9F       		.byte	0x9f
 894 002a 0A000000 		.4byte	.LVL3
 895 002e 12000000 		.4byte	.LVL6
 896 0032 0100     		.2byte	0x1
 897 0034 54       		.byte	0x54
 898 0035 14000000 		.4byte	.LVL7
 899 0039 1A000000 		.4byte	.LFE2
 900 003d 0100     		.2byte	0x1
 901 003f 54       		.byte	0x54
 902 0040 00000000 		.4byte	0
 903 0044 00000000 		.4byte	0
 904              	.LLST2:
 905 0048 06000000 		.4byte	.LVL2
 906 004c 0D000000 		.4byte	.LVL4-1
 907 0050 0100     		.2byte	0x1
 908 0052 50       		.byte	0x50
 909 0053 10000000 		.4byte	.LVL5
 910 0057 1A000000 		.4byte	.LFE2
 911 005b 0100     		.2byte	0x1
 912 005d 50       		.byte	0x50
 913 005e 00000000 		.4byte	0
 914 0062 00000000 		.4byte	0
 915              	.LLST3:
 916 0066 00000000 		.4byte	.LVL8
 917 006a 0A000000 		.4byte	.LVL10
 918 006e 0100     		.2byte	0x1
 919 0070 50       		.byte	0x50
 920 0071 0A000000 		.4byte	.LVL10
 921 0075 18000000 		.4byte	.LFE3
 922 0079 0100     		.2byte	0x1
 923 007b 56       		.byte	0x56
 924 007c 00000000 		.4byte	0
 925 0080 00000000 		.4byte	0
 926              	.LLST4:
 927 0084 00000000 		.4byte	.LVL8
 928 0088 0A000000 		.4byte	.LVL10
 929 008c 0100     		.2byte	0x1
 930 008e 51       		.byte	0x51
 931 008f 0A000000 		.4byte	.LVL10
 932 0093 18000000 		.4byte	.LFE3
 933 0097 0100     		.2byte	0x1
 934 0099 55       		.byte	0x55
 935 009a 00000000 		.4byte	0
 936 009e 00000000 		.4byte	0
 937              	.LLST5:
 938 00a2 06000000 		.4byte	.LVL9
 939 00a6 0A000000 		.4byte	.LVL10
 940 00aa 0200     		.2byte	0x2
 941 00ac 30       		.byte	0x30
 942 00ad 9F       		.byte	0x9f
ARM GAS  C:\Users\duver\AppData\Local\Temp\ccwL8ER2.s 			page 22


 943 00ae 0A000000 		.4byte	.LVL10
 944 00b2 18000000 		.4byte	.LFE3
 945 00b6 0100     		.2byte	0x1
 946 00b8 54       		.byte	0x54
 947 00b9 00000000 		.4byte	0
 948 00bd 00000000 		.4byte	0
 949              	.LLST6:
 950 00c1 00000000 		.4byte	.LVL13
 951 00c5 0A000000 		.4byte	.LVL14
 952 00c9 0100     		.2byte	0x1
 953 00cb 50       		.byte	0x50
 954 00cc 0A000000 		.4byte	.LVL14
 955 00d0 20000000 		.4byte	.LFE4
 956 00d4 0400     		.2byte	0x4
 957 00d6 F3       		.byte	0xf3
 958 00d7 01       		.uleb128 0x1
 959 00d8 50       		.byte	0x50
 960 00d9 9F       		.byte	0x9f
 961 00da 00000000 		.4byte	0
 962 00de 00000000 		.4byte	0
 963              	.LLST7:
 964 00e2 00000000 		.4byte	.LVL17
 965 00e6 06000000 		.4byte	.LVL18
 966 00ea 0100     		.2byte	0x1
 967 00ec 50       		.byte	0x50
 968 00ed 06000000 		.4byte	.LVL18
 969 00f1 12000000 		.4byte	.LFE5
 970 00f5 0400     		.2byte	0x4
 971 00f7 F3       		.byte	0xf3
 972 00f8 01       		.uleb128 0x1
 973 00f9 50       		.byte	0x50
 974 00fa 9F       		.byte	0x9f
 975 00fb 00000000 		.4byte	0
 976 00ff 00000000 		.4byte	0
 977              		.section	.debug_aranges,"",%progbits
 978 0000 4C000000 		.4byte	0x4c
 979 0004 0200     		.2byte	0x2
 980 0006 00000000 		.4byte	.Ldebug_info0
 981 000a 04       		.byte	0x4
 982 000b 00       		.byte	0
 983 000c 0000     		.2byte	0
 984 000e 0000     		.2byte	0
 985 0010 00000000 		.4byte	.LFB0
 986 0014 02000000 		.4byte	.LFE0-.LFB0
 987 0018 00000000 		.4byte	.LFB1
 988 001c 02000000 		.4byte	.LFE1-.LFB1
 989 0020 00000000 		.4byte	.LFB2
 990 0024 1A000000 		.4byte	.LFE2-.LFB2
 991 0028 00000000 		.4byte	.LFB3
 992 002c 18000000 		.4byte	.LFE3-.LFB3
 993 0030 00000000 		.4byte	.LFB4
 994 0034 20000000 		.4byte	.LFE4-.LFB4
 995 0038 00000000 		.4byte	.LFB5
 996 003c 12000000 		.4byte	.LFE5-.LFB5
 997 0040 00000000 		.4byte	.LFB6
 998 0044 10000000 		.4byte	.LFE6-.LFB6
 999 0048 00000000 		.4byte	0
ARM GAS  C:\Users\duver\AppData\Local\Temp\ccwL8ER2.s 			page 23


 1000 004c 00000000 		.4byte	0
 1001              		.section	.debug_ranges,"",%progbits
 1002              	.Ldebug_ranges0:
 1003 0000 00000000 		.4byte	.LFB0
 1004 0004 02000000 		.4byte	.LFE0
 1005 0008 00000000 		.4byte	.LFB1
 1006 000c 02000000 		.4byte	.LFE1
 1007 0010 00000000 		.4byte	.LFB2
 1008 0014 1A000000 		.4byte	.LFE2
 1009 0018 00000000 		.4byte	.LFB3
 1010 001c 18000000 		.4byte	.LFE3
 1011 0020 00000000 		.4byte	.LFB4
 1012 0024 20000000 		.4byte	.LFE4
 1013 0028 00000000 		.4byte	.LFB5
 1014 002c 12000000 		.4byte	.LFE5
 1015 0030 00000000 		.4byte	.LFB6
 1016 0034 10000000 		.4byte	.LFE6
 1017 0038 00000000 		.4byte	0
 1018 003c 00000000 		.4byte	0
 1019              		.section	.debug_line,"",%progbits
 1020              	.Ldebug_line0:
 1021 0000 F2000000 		.section	.debug_str,"MS",%progbits,1
 1021      02005B00 
 1021      00000201 
 1021      FB0E0D00 
 1021      01010101 
 1022              	.LASF28:
 1023 0000 53575F54 		.ascii	"SW_Tx_UART_1_hex\000"
 1023      785F5541 
 1023      52545F31 
 1023      5F686578 
 1023      00
 1024              	.LASF2:
 1025 0011 73686F72 		.ascii	"short int\000"
 1025      7420696E 
 1025      7400
 1026              	.LASF29:
 1027 001b 73697A65 		.ascii	"sizetype\000"
 1027      74797065 
 1027      00
 1028              	.LASF14:
 1029 0024 63686172 		.ascii	"char8\000"
 1029      3800
 1030              	.LASF10:
 1031 002a 75696E74 		.ascii	"uint16\000"
 1031      313600
 1032              	.LASF35:
 1033 0031 53575F54 		.ascii	"SW_Tx_UART_1_pinDrAdress\000"
 1033      785F5541 
 1033      52545F31 
 1033      5F70696E 
 1033      44724164 
 1034              	.LASF9:
 1035 004a 75696E74 		.ascii	"uint8\000"
 1035      3800
 1036              	.LASF17:
 1037 0050 53575F54 		.ascii	"SW_Tx_UART_1_Stop\000"
ARM GAS  C:\Users\duver\AppData\Local\Temp\ccwL8ER2.s 			page 24


 1037      785F5541 
 1037      52545F31 
 1037      5F53746F 
 1037      7000
 1038              	.LASF32:
 1039 0062 53575F54 		.ascii	"SW_Tx_UART_1_PutCRLF\000"
 1039      785F5541 
 1039      52545F31 
 1039      5F507574 
 1039      43524C46 
 1040              	.LASF12:
 1041 0077 666C6F61 		.ascii	"float\000"
 1041      7400
 1042              	.LASF30:
 1043 007d 53575F54 		.ascii	"SW_Tx_UART_1_PutHexInt\000"
 1043      785F5541 
 1043      52545F31 
 1043      5F507574 
 1043      48657849 
 1044              	.LASF6:
 1045 0094 6C6F6E67 		.ascii	"long long int\000"
 1045      206C6F6E 
 1045      6720696E 
 1045      7400
 1046              	.LASF4:
 1047 00a2 6C6F6E67 		.ascii	"long int\000"
 1047      20696E74 
 1047      00
 1048              	.LASF22:
 1049 00ab 73747269 		.ascii	"string\000"
 1049      6E6700
 1050              	.LASF34:
 1051 00b2 53575F54 		.ascii	"SW_Tx_UART_1_pinPortNumber\000"
 1051      785F5541 
 1051      52545F31 
 1051      5F70696E 
 1051      506F7274 
 1052              	.LASF27:
 1053 00cd 74784865 		.ascii	"txHexByte\000"
 1053      78427974 
 1053      6500
 1054              	.LASF1:
 1055 00d7 756E7369 		.ascii	"unsigned char\000"
 1055      676E6564 
 1055      20636861 
 1055      7200
 1056              	.LASF33:
 1057 00e5 53575F54 		.ascii	"SW_Tx_UART_1_pinNumber\000"
 1057      785F5541 
 1057      52545F31 
 1057      5F70696E 
 1057      4E756D62 
 1058              	.LASF18:
 1059 00fc 73747269 		.ascii	"stringIndex\000"
 1059      6E67496E 
 1059      64657800 
 1060              	.LASF0:
ARM GAS  C:\Users\duver\AppData\Local\Temp\ccwL8ER2.s 			page 25


 1061 0108 7369676E 		.ascii	"signed char\000"
 1061      65642063 
 1061      68617200 
 1062              	.LASF7:
 1063 0114 6C6F6E67 		.ascii	"long long unsigned int\000"
 1063      206C6F6E 
 1063      6720756E 
 1063      7369676E 
 1063      65642069 
 1064              	.LASF31:
 1065 012b 74784865 		.ascii	"txHexInt\000"
 1065      78496E74 
 1065      00
 1066              	.LASF38:
 1067 0134 433A5C55 		.ascii	"C:\\Users\\duver\\OneDrive\\Documents\\Classes\\Cou"
 1067      73657273 
 1067      5C647576 
 1067      65725C4F 
 1067      6E654472 
 1068 0161 72736572 		.ascii	"rsera\\Sensors\\Lab1 - Workspace01\\LoadCell.cydsn\000"
 1068      615C5365 
 1068      6E736F72 
 1068      735C4C61 
 1068      6231202D 
 1069              	.LASF37:
 1070 0191 47656E65 		.ascii	"Generated_Source\\PSoC5\\SW_Tx_UART_1.c\000"
 1070      72617465 
 1070      645F536F 
 1070      75726365 
 1070      5C50536F 
 1071              	.LASF26:
 1072 01b7 53575F54 		.ascii	"SW_Tx_UART_1_PutHexByte\000"
 1072      785F5541 
 1072      52545F31 
 1072      5F507574 
 1072      48657842 
 1073              	.LASF19:
 1074 01cf 63757272 		.ascii	"current\000"
 1074      656E7400 
 1075              	.LASF3:
 1076 01d7 73686F72 		.ascii	"short unsigned int\000"
 1076      7420756E 
 1076      7369676E 
 1076      65642069 
 1076      6E7400
 1077              	.LASF15:
 1078 01ea 63686172 		.ascii	"char\000"
 1078      00
 1079              	.LASF20:
 1080 01ef 53575F54 		.ascii	"SW_Tx_UART_1_PutString\000"
 1080      785F5541 
 1080      52545F31 
 1080      5F507574 
 1080      53747269 
 1081              	.LASF25:
 1082 0206 61727261 		.ascii	"arrayIndex\000"
 1082      79496E64 
ARM GAS  C:\Users\duver\AppData\Local\Temp\ccwL8ER2.s 			page 26


 1082      657800
 1083              	.LASF11:
 1084 0211 75696E74 		.ascii	"uint32\000"
 1084      333200
 1085              	.LASF5:
 1086 0218 6C6F6E67 		.ascii	"long unsigned int\000"
 1086      20756E73 
 1086      69676E65 
 1086      6420696E 
 1086      7400
 1087              	.LASF13:
 1088 022a 646F7562 		.ascii	"double\000"
 1088      6C6500
 1089              	.LASF21:
 1090 0231 53575F54 		.ascii	"SW_Tx_UART_1_PutArray\000"
 1090      785F5541 
 1090      52545F31 
 1090      5F507574 
 1090      41727261 
 1091              	.LASF23:
 1092 0247 61727261 		.ascii	"array\000"
 1092      7900
 1093              	.LASF16:
 1094 024d 53575F54 		.ascii	"SW_Tx_UART_1_Start\000"
 1094      785F5541 
 1094      52545F31 
 1094      5F537461 
 1094      727400
 1095              	.LASF39:
 1096 0260 53575F54 		.ascii	"SW_Tx_UART_1_PutChar\000"
 1096      785F5541 
 1096      52545F31 
 1096      5F507574 
 1096      43686172 
 1097              	.LASF24:
 1098 0275 62797465 		.ascii	"byteCount\000"
 1098      436F756E 
 1098      7400
 1099              	.LASF36:
 1100 027f 474E5520 		.ascii	"GNU C11 5.4.1 20160609 (release) [ARM/embedded-5-br"
 1100      43313120 
 1100      352E342E 
 1100      31203230 
 1100      31363036 
 1101 02b2 616E6368 		.ascii	"anch revision 237715] -mcpu=cortex-m3 -mthumb -g -O"
 1101      20726576 
 1101      6973696F 
 1101      6E203233 
 1101      37373135 
 1102 02e5 67202D66 		.ascii	"g -ffunction-sections -ffat-lto-objects\000"
 1102      66756E63 
 1102      74696F6E 
 1102      2D736563 
 1102      74696F6E 
 1103              	.LASF8:
 1104 030d 756E7369 		.ascii	"unsigned int\000"
 1104      676E6564 
ARM GAS  C:\Users\duver\AppData\Local\Temp\ccwL8ER2.s 			page 27


 1104      20696E74 
 1104      00
 1105              		.ident	"GCC: (GNU Tools for ARM Embedded Processors) 5.4.1 20160609 (release) [ARM/embedded-5-bran
